2025-03-27 12:05:45,764 ----------------------------------------------------------------------------------------------------
2025-03-27 12:05:45,764 Model: "TextClassifier(
  (loss_function): BCEWithLogitsLoss()
  (document_embeddings): TransformerDocumentEmbeddings(
    (model): DistilBertModel(
      (embeddings): Embeddings(
        (word_embeddings): Embedding(30522, 768, padding_idx=0)
        (position_embeddings): Embedding(512, 768)
        (LayerNorm): LayerNorm((768,), eps=1e-12, elementwise_affine=True)
        (dropout): Dropout(p=0.1, inplace=False)
      )
      (transformer): Transformer(
        (layer): ModuleList(
          (0-5): 6 x TransformerBlock(
            (attention): MultiHeadSelfAttention(
              (dropout): Dropout(p=0.1, inplace=False)
              (q_lin): Linear(in_features=768, out_features=768, bias=True)
              (k_lin): Linear(in_features=768, out_features=768, bias=True)
              (v_lin): Linear(in_features=768, out_features=768, bias=True)
              (out_lin): Linear(in_features=768, out_features=768, bias=True)
            )
            (sa_layer_norm): LayerNorm((768,), eps=1e-12, elementwise_affine=True)
            (ffn): FFN(
              (dropout): Dropout(p=0.1, inplace=False)
              (lin1): Linear(in_features=768, out_features=3072, bias=True)
              (lin2): Linear(in_features=3072, out_features=768, bias=True)
              (activation): GELUActivation()
            )
            (output_layer_norm): LayerNorm((768,), eps=1e-12, elementwise_affine=True)
          )
        )
      )
    )
  )
  (decoder): Linear(in_features=768, out_features=2, bias=True)
  (weights): None
  (weight_tensor) None
)"
2025-03-27 12:05:45,764 ----------------------------------------------------------------------------------------------------
2025-03-27 12:05:45,764 Corpus: "Corpus: 18816 train + 6272 dev + 6272 test sentences"
2025-03-27 12:05:45,764 ----------------------------------------------------------------------------------------------------
2025-03-27 12:05:45,764 Parameters:
2025-03-27 12:05:45,764  - learning_rate: "5e-05"
2025-03-27 12:05:45,764  - mini_batch_size: "16"
2025-03-27 12:05:45,764  - patience: "3"
2025-03-27 12:05:45,764  - anneal_factor: "0.5"
2025-03-27 12:05:45,764  - max_epochs: "20"
2025-03-27 12:05:45,764  - shuffle: "True"
2025-03-27 12:05:45,764  - train_with_dev: "False"
2025-03-27 12:05:45,764  - batch_growth_annealing: "False"
2025-03-27 12:05:45,764 ----------------------------------------------------------------------------------------------------
2025-03-27 12:05:45,764 Model training base path: "models/capped_10_16"
2025-03-27 12:05:45,764 ----------------------------------------------------------------------------------------------------
2025-03-27 12:05:45,764 Device: cuda:0
2025-03-27 12:05:45,764 ----------------------------------------------------------------------------------------------------
2025-03-27 12:05:45,764 Embeddings storage mode: none
2025-03-27 12:05:45,764 ----------------------------------------------------------------------------------------------------
2025-03-27 12:06:05,385 epoch 1 - iter 117/1176 - loss 0.01495021 - samples/sec: 110.52 - lr: 0.000050
2025-03-27 12:06:24,163 epoch 1 - iter 234/1176 - loss 0.01037387 - samples/sec: 109.69 - lr: 0.000050
2025-03-27 12:06:42,900 epoch 1 - iter 351/1176 - loss 0.00873320 - samples/sec: 115.12 - lr: 0.000050
2025-03-27 12:07:01,942 epoch 1 - iter 468/1176 - loss 0.00743656 - samples/sec: 104.86 - lr: 0.000050
2025-03-27 12:07:20,950 epoch 1 - iter 585/1176 - loss 0.00661317 - samples/sec: 104.32 - lr: 0.000050
2025-03-27 12:07:40,132 epoch 1 - iter 702/1176 - loss 0.00599071 - samples/sec: 104.82 - lr: 0.000050
2025-03-27 12:07:58,757 epoch 1 - iter 819/1176 - loss 0.00555794 - samples/sec: 115.16 - lr: 0.000050
2025-03-27 12:08:17,442 epoch 1 - iter 936/1176 - loss 0.00513073 - samples/sec: 111.95 - lr: 0.000050
2025-03-27 12:08:36,031 epoch 1 - iter 1053/1176 - loss 0.00489410 - samples/sec: 113.10 - lr: 0.000050
2025-03-27 12:08:55,438 epoch 1 - iter 1170/1176 - loss 0.00459431 - samples/sec: 103.07 - lr: 0.000050
2025-03-27 12:08:56,375 ----------------------------------------------------------------------------------------------------
2025-03-27 12:08:56,375 EPOCH 1 done: loss 0.0046 - lr 0.0000497
2025-03-27 12:09:39,775 DEV : loss 0 - f1-score (micro avg)  0.9828
2025-03-27 12:09:50,275 BAD EPOCHS (no improvement): 4
2025-03-27 12:09:50,500 saving best model
2025-03-27 12:09:50,697 ----------------------------------------------------------------------------------------------------
2025-03-27 12:10:09,646 epoch 2 - iter 117/1176 - loss 0.00240419 - samples/sec: 111.72 - lr: 0.000050
2025-03-27 12:10:28,463 epoch 2 - iter 234/1176 - loss 0.00213699 - samples/sec: 112.06 - lr: 0.000050
2025-03-27 12:10:47,239 epoch 2 - iter 351/1176 - loss 0.00194050 - samples/sec: 113.84 - lr: 0.000049
2025-03-27 12:11:06,302 epoch 2 - iter 468/1176 - loss 0.00181479 - samples/sec: 110.97 - lr: 0.000049
2025-03-27 12:11:25,355 epoch 2 - iter 585/1176 - loss 0.00172318 - samples/sec: 109.37 - lr: 0.000049
2025-03-27 12:11:44,363 epoch 2 - iter 702/1176 - loss 0.00160859 - samples/sec: 112.43 - lr: 0.000049
2025-03-27 12:12:03,271 epoch 2 - iter 819/1176 - loss 0.00157174 - samples/sec: 110.05 - lr: 0.000049
2025-03-27 12:12:22,376 epoch 2 - iter 936/1176 - loss 0.00143019 - samples/sec: 111.68 - lr: 0.000049
2025-03-27 12:12:41,263 epoch 2 - iter 1053/1176 - loss 0.00142070 - samples/sec: 114.22 - lr: 0.000049
2025-03-27 12:13:00,439 epoch 2 - iter 1170/1176 - loss 0.00145144 - samples/sec: 105.86 - lr: 0.000049
2025-03-27 12:13:01,465 ----------------------------------------------------------------------------------------------------
2025-03-27 12:13:01,465 EPOCH 2 done: loss 0.0015 - lr 0.0000488
2025-03-27 12:13:45,127 DEV : loss 0 - f1-score (micro avg)  0.9893
2025-03-27 12:13:55,560 BAD EPOCHS (no improvement): 4
2025-03-27 12:13:55,900 saving best model
2025-03-27 12:13:56,217 ----------------------------------------------------------------------------------------------------
2025-03-27 12:14:15,643 epoch 3 - iter 117/1176 - loss 0.00094395 - samples/sec: 111.22 - lr: 0.000049
2025-03-27 12:14:34,619 epoch 3 - iter 234/1176 - loss 0.00123694 - samples/sec: 117.89 - lr: 0.000049
2025-03-27 12:14:53,764 epoch 3 - iter 351/1176 - loss 0.00140817 - samples/sec: 113.17 - lr: 0.000048
2025-03-27 12:15:13,028 epoch 3 - iter 468/1176 - loss 0.00139617 - samples/sec: 106.70 - lr: 0.000048
2025-03-27 12:15:32,288 epoch 3 - iter 585/1176 - loss 0.00134285 - samples/sec: 108.88 - lr: 0.000048
2025-03-27 12:15:51,413 epoch 3 - iter 702/1176 - loss 0.00130903 - samples/sec: 115.28 - lr: 0.000048
2025-03-27 12:16:10,317 epoch 3 - iter 819/1176 - loss 0.00125272 - samples/sec: 113.49 - lr: 0.000048
2025-03-27 12:16:29,695 epoch 3 - iter 936/1176 - loss 0.00119272 - samples/sec: 111.59 - lr: 0.000048
2025-03-27 12:16:48,808 epoch 3 - iter 1053/1176 - loss 0.00123011 - samples/sec: 112.44 - lr: 0.000047
2025-03-27 12:17:08,099 epoch 3 - iter 1170/1176 - loss 0.00119635 - samples/sec: 111.65 - lr: 0.000047
2025-03-27 12:17:09,089 ----------------------------------------------------------------------------------------------------
2025-03-27 12:17:09,089 EPOCH 3 done: loss 0.0012 - lr 0.0000473
2025-03-27 12:17:53,020 DEV : loss 0 - f1-score (micro avg)  0.9899
2025-03-27 12:18:03,635 BAD EPOCHS (no improvement): 4
2025-03-27 12:18:03,982 saving best model
2025-03-27 12:18:04,305 ----------------------------------------------------------------------------------------------------
2025-03-27 12:18:23,877 epoch 4 - iter 117/1176 - loss 0.00083393 - samples/sec: 111.79 - lr: 0.000047
2025-03-27 12:18:43,285 epoch 4 - iter 234/1176 - loss 0.00064580 - samples/sec: 110.72 - lr: 0.000047
2025-03-27 12:19:02,244 epoch 4 - iter 351/1176 - loss 0.00058420 - samples/sec: 112.71 - lr: 0.000047
2025-03-27 12:19:21,466 epoch 4 - iter 468/1176 - loss 0.00054735 - samples/sec: 113.21 - lr: 0.000047
2025-03-27 12:19:40,535 epoch 4 - iter 585/1176 - loss 0.00046710 - samples/sec: 112.50 - lr: 0.000046
2025-03-27 12:19:59,332 epoch 4 - iter 702/1176 - loss 0.00050120 - samples/sec: 114.22 - lr: 0.000046
2025-03-27 12:20:18,276 epoch 4 - iter 819/1176 - loss 0.00063375 - samples/sec: 112.98 - lr: 0.000046
2025-03-27 12:20:37,383 epoch 4 - iter 936/1176 - loss 0.00066867 - samples/sec: 113.14 - lr: 0.000046
2025-03-27 12:20:56,284 epoch 4 - iter 1053/1176 - loss 0.00075627 - samples/sec: 113.96 - lr: 0.000045
2025-03-27 12:21:15,605 epoch 4 - iter 1170/1176 - loss 0.00079180 - samples/sec: 106.61 - lr: 0.000045
2025-03-27 12:21:16,535 ----------------------------------------------------------------------------------------------------
2025-03-27 12:21:16,535 EPOCH 4 done: loss 0.0008 - lr 0.0000452
2025-03-27 12:22:00,376 DEV : loss 0 - f1-score (micro avg)  0.9913
2025-03-27 12:22:11,029 BAD EPOCHS (no improvement): 4
2025-03-27 12:22:11,372 saving best model
2025-03-27 12:22:11,682 ----------------------------------------------------------------------------------------------------
2025-03-27 12:22:30,841 epoch 5 - iter 117/1176 - loss 0.00107445 - samples/sec: 112.67 - lr: 0.000045
2025-03-27 12:22:49,658 epoch 5 - iter 234/1176 - loss 0.00091161 - samples/sec: 112.69 - lr: 0.000045
2025-03-27 12:23:08,632 epoch 5 - iter 351/1176 - loss 0.00072970 - samples/sec: 112.17 - lr: 0.000045
2025-03-27 12:23:27,403 epoch 5 - iter 468/1176 - loss 0.00068491 - samples/sec: 113.13 - lr: 0.000044
2025-03-27 12:23:46,359 epoch 5 - iter 585/1176 - loss 0.00067795 - samples/sec: 108.57 - lr: 0.000044
2025-03-27 12:24:05,107 epoch 5 - iter 702/1176 - loss 0.00075815 - samples/sec: 113.84 - lr: 0.000044
2025-03-27 12:24:24,002 epoch 5 - iter 819/1176 - loss 0.00072839 - samples/sec: 109.41 - lr: 0.000044
2025-03-27 12:24:43,134 epoch 5 - iter 936/1176 - loss 0.00070253 - samples/sec: 111.87 - lr: 0.000043
2025-03-27 12:25:02,537 epoch 5 - iter 1053/1176 - loss 0.00067154 - samples/sec: 103.86 - lr: 0.000043
2025-03-27 12:25:21,570 epoch 5 - iter 1170/1176 - loss 0.00063974 - samples/sec: 108.40 - lr: 0.000043
2025-03-27 12:25:22,454 ----------------------------------------------------------------------------------------------------
2025-03-27 12:25:22,454 EPOCH 5 done: loss 0.0006 - lr 0.0000427
2025-03-27 12:26:06,571 DEV : loss 0 - f1-score (micro avg)  0.9933
2025-03-27 12:26:17,171 BAD EPOCHS (no improvement): 4
2025-03-27 12:26:17,480 saving best model
2025-03-27 12:26:17,773 ----------------------------------------------------------------------------------------------------
2025-03-27 12:26:37,155 epoch 6 - iter 117/1176 - loss 0.00031858 - samples/sec: 111.87 - lr: 0.000042
2025-03-27 12:26:56,374 epoch 6 - iter 234/1176 - loss 0.00026178 - samples/sec: 107.07 - lr: 0.000042
2025-03-27 12:27:15,846 epoch 6 - iter 351/1176 - loss 0.00029025 - samples/sec: 109.57 - lr: 0.000042
2025-03-27 12:27:34,939 epoch 6 - iter 468/1176 - loss 0.00025656 - samples/sec: 111.71 - lr: 0.000042
2025-03-27 12:27:54,266 epoch 6 - iter 585/1176 - loss 0.00025253 - samples/sec: 114.13 - lr: 0.000041
2025-03-27 12:28:13,621 epoch 6 - iter 702/1176 - loss 0.00031309 - samples/sec: 108.30 - lr: 0.000041
2025-03-27 12:28:32,520 epoch 6 - iter 819/1176 - loss 0.00037718 - samples/sec: 111.77 - lr: 0.000041
2025-03-27 12:28:51,418 epoch 6 - iter 936/1176 - loss 0.00040536 - samples/sec: 116.31 - lr: 0.000040
2025-03-27 12:29:10,246 epoch 6 - iter 1053/1176 - loss 0.00037286 - samples/sec: 113.56 - lr: 0.000040
2025-03-27 12:29:29,474 epoch 6 - iter 1170/1176 - loss 0.00048560 - samples/sec: 110.99 - lr: 0.000040
2025-03-27 12:29:30,405 ----------------------------------------------------------------------------------------------------
2025-03-27 12:29:30,406 EPOCH 6 done: loss 0.0005 - lr 0.0000397
2025-03-27 12:30:14,818 DEV : loss 0 - f1-score (micro avg)  0.9935
2025-03-27 12:30:25,322 BAD EPOCHS (no improvement): 4
2025-03-27 12:30:25,674 saving best model
2025-03-27 12:30:25,997 ----------------------------------------------------------------------------------------------------
2025-03-27 12:30:46,043 epoch 7 - iter 117/1176 - loss 0.00016396 - samples/sec: 103.55 - lr: 0.000039
2025-03-27 12:31:05,077 epoch 7 - iter 234/1176 - loss 0.00029150 - samples/sec: 107.99 - lr: 0.000039
2025-03-27 12:31:24,257 epoch 7 - iter 351/1176 - loss 0.00020356 - samples/sec: 106.76 - lr: 0.000039
2025-03-27 12:31:43,820 epoch 7 - iter 468/1176 - loss 0.00021131 - samples/sec: 109.41 - lr: 0.000038
2025-03-27 12:32:03,645 epoch 7 - iter 585/1176 - loss 0.00019496 - samples/sec: 105.06 - lr: 0.000038
2025-03-27 12:32:23,471 epoch 7 - iter 702/1176 - loss 0.00028724 - samples/sec: 110.46 - lr: 0.000038
2025-03-27 12:32:42,826 epoch 7 - iter 819/1176 - loss 0.00029501 - samples/sec: 113.04 - lr: 0.000037
2025-03-27 12:33:02,046 epoch 7 - iter 936/1176 - loss 0.00035887 - samples/sec: 112.92 - lr: 0.000037
2025-03-27 12:33:21,278 epoch 7 - iter 1053/1176 - loss 0.00048655 - samples/sec: 108.33 - lr: 0.000037
2025-03-27 12:33:40,780 epoch 7 - iter 1170/1176 - loss 0.00050610 - samples/sec: 105.28 - lr: 0.000036
2025-03-27 12:33:41,712 ----------------------------------------------------------------------------------------------------
2025-03-27 12:33:41,713 EPOCH 7 done: loss 0.0005 - lr 0.0000364
2025-03-27 12:34:26,013 DEV : loss 0 - f1-score (micro avg)  0.9934
2025-03-27 12:34:36,632 BAD EPOCHS (no improvement): 4
2025-03-27 12:34:36,980 ----------------------------------------------------------------------------------------------------
2025-03-27 12:34:56,682 epoch 8 - iter 117/1176 - loss 0.00067084 - samples/sec: 112.26 - lr: 0.000036
2025-03-27 12:35:16,071 epoch 8 - iter 234/1176 - loss 0.00057114 - samples/sec: 112.64 - lr: 0.000036
2025-03-27 12:35:35,509 epoch 8 - iter 351/1176 - loss 0.00042789 - samples/sec: 107.40 - lr: 0.000035
2025-03-27 12:35:54,556 epoch 8 - iter 468/1176 - loss 0.00048766 - samples/sec: 113.49 - lr: 0.000035
2025-03-27 12:36:13,971 epoch 8 - iter 585/1176 - loss 0.00057072 - samples/sec: 109.33 - lr: 0.000035
2025-03-27 12:36:32,694 epoch 8 - iter 702/1176 - loss 0.00059306 - samples/sec: 112.18 - lr: 0.000034
2025-03-27 12:36:51,860 epoch 8 - iter 819/1176 - loss 0.00055510 - samples/sec: 110.48 - lr: 0.000034
2025-03-27 12:37:10,676 epoch 8 - iter 936/1176 - loss 0.00056323 - samples/sec: 114.25 - lr: 0.000034
2025-03-27 12:37:29,883 epoch 8 - iter 1053/1176 - loss 0.00052145 - samples/sec: 111.32 - lr: 0.000033
2025-03-27 12:37:49,440 epoch 8 - iter 1170/1176 - loss 0.00048167 - samples/sec: 111.56 - lr: 0.000033
2025-03-27 12:37:50,370 ----------------------------------------------------------------------------------------------------
2025-03-27 12:37:50,370 EPOCH 8 done: loss 0.0005 - lr 0.0000327
2025-03-27 12:38:34,963 DEV : loss 0 - f1-score (micro avg)  0.9935
2025-03-27 12:38:45,847 BAD EPOCHS (no improvement): 4
2025-03-27 12:38:46,202 ----------------------------------------------------------------------------------------------------
2025-03-27 12:39:06,243 epoch 9 - iter 117/1176 - loss 0.00007585 - samples/sec: 103.71 - lr: 0.000032
2025-03-27 12:39:26,040 epoch 9 - iter 234/1176 - loss 0.00025003 - samples/sec: 104.60 - lr: 0.000032
2025-03-27 12:39:45,522 epoch 9 - iter 351/1176 - loss 0.00019586 - samples/sec: 107.72 - lr: 0.000032
2025-03-27 12:40:04,781 epoch 9 - iter 468/1176 - loss 0.00015354 - samples/sec: 107.55 - lr: 0.000031
2025-03-27 12:40:24,047 epoch 9 - iter 585/1176 - loss 0.00018368 - samples/sec: 110.22 - lr: 0.000031
2025-03-27 12:40:43,077 epoch 9 - iter 702/1176 - loss 0.00016420 - samples/sec: 115.97 - lr: 0.000030
2025-03-27 12:41:02,173 epoch 9 - iter 819/1176 - loss 0.00016242 - samples/sec: 108.24 - lr: 0.000030
2025-03-27 12:41:21,213 epoch 9 - iter 936/1176 - loss 0.00015356 - samples/sec: 107.47 - lr: 0.000030
2025-03-27 12:41:40,278 epoch 9 - iter 1053/1176 - loss 0.00019795 - samples/sec: 114.48 - lr: 0.000029
2025-03-27 12:41:59,124 epoch 9 - iter 1170/1176 - loss 0.00018265 - samples/sec: 114.21 - lr: 0.000029
2025-03-27 12:42:00,175 ----------------------------------------------------------------------------------------------------
2025-03-27 12:42:00,175 EPOCH 9 done: loss 0.0002 - lr 0.0000289
2025-03-27 12:42:43,927 DEV : loss 0 - f1-score (micro avg)  0.9904
2025-03-27 12:42:54,503 BAD EPOCHS (no improvement): 4
2025-03-27 12:42:54,819 ----------------------------------------------------------------------------------------------------
2025-03-27 12:43:13,670 epoch 10 - iter 117/1176 - loss 0.00070779 - samples/sec: 115.03 - lr: 0.000029
2025-03-27 12:43:32,633 epoch 10 - iter 234/1176 - loss 0.00042896 - samples/sec: 112.50 - lr: 0.000028
2025-03-27 12:43:51,835 epoch 10 - iter 351/1176 - loss 0.00058482 - samples/sec: 112.58 - lr: 0.000028
2025-03-27 12:44:10,828 epoch 10 - iter 468/1176 - loss 0.00059764 - samples/sec: 111.04 - lr: 0.000027
2025-03-27 12:44:30,402 epoch 10 - iter 585/1176 - loss 0.00063780 - samples/sec: 106.27 - lr: 0.000027
2025-03-27 12:44:49,546 epoch 10 - iter 702/1176 - loss 0.00057291 - samples/sec: 106.69 - lr: 0.000027
2025-03-27 12:45:08,518 epoch 10 - iter 819/1176 - loss 0.00050177 - samples/sec: 112.02 - lr: 0.000026
2025-03-27 12:45:27,522 epoch 10 - iter 936/1176 - loss 0.00045649 - samples/sec: 113.52 - lr: 0.000026
2025-03-27 12:45:46,990 epoch 10 - iter 1053/1176 - loss 0.00041201 - samples/sec: 111.99 - lr: 0.000025
2025-03-27 12:46:06,599 epoch 10 - iter 1170/1176 - loss 0.00038343 - samples/sec: 109.39 - lr: 0.000025
2025-03-27 12:46:07,647 ----------------------------------------------------------------------------------------------------
2025-03-27 12:46:07,647 EPOCH 10 done: loss 0.0004 - lr 0.0000250
2025-03-27 12:46:52,944 DEV : loss 0 - f1-score (micro avg)  0.9926
2025-03-27 12:47:03,733 BAD EPOCHS (no improvement): 4
2025-03-27 12:47:04,055 ----------------------------------------------------------------------------------------------------
2025-03-27 12:47:24,037 epoch 11 - iter 117/1176 - loss 0.00009135 - samples/sec: 106.12 - lr: 0.000025
2025-03-27 12:47:43,721 epoch 11 - iter 234/1176 - loss 0.00007423 - samples/sec: 107.55 - lr: 0.000024
2025-03-27 12:48:03,032 epoch 11 - iter 351/1176 - loss 0.00005058 - samples/sec: 111.99 - lr: 0.000024
2025-03-27 12:48:22,489 epoch 11 - iter 468/1176 - loss 0.00006573 - samples/sec: 105.75 - lr: 0.000023
2025-03-27 12:48:42,020 epoch 11 - iter 585/1176 - loss 0.00009331 - samples/sec: 106.76 - lr: 0.000023
2025-03-27 12:49:02,274 epoch 11 - iter 702/1176 - loss 0.00009648 - samples/sec: 102.12 - lr: 0.000023
2025-03-27 12:49:21,766 epoch 11 - iter 819/1176 - loss 0.00009536 - samples/sec: 108.44 - lr: 0.000022
2025-03-27 12:49:41,435 epoch 11 - iter 936/1176 - loss 0.00008865 - samples/sec: 109.29 - lr: 0.000022
2025-03-27 12:50:01,291 epoch 11 - iter 1053/1176 - loss 0.00009486 - samples/sec: 106.77 - lr: 0.000022
2025-03-27 12:50:21,014 epoch 11 - iter 1170/1176 - loss 0.00008582 - samples/sec: 109.20 - lr: 0.000021
2025-03-27 12:50:22,054 ----------------------------------------------------------------------------------------------------
2025-03-27 12:50:22,054 EPOCH 11 done: loss 0.0001 - lr 0.0000211
2025-03-27 12:51:06,872 DEV : loss 0 - f1-score (micro avg)  0.9927
2025-03-27 12:51:17,742 BAD EPOCHS (no improvement): 4
2025-03-27 12:51:18,071 ----------------------------------------------------------------------------------------------------
2025-03-27 12:51:38,025 epoch 12 - iter 117/1176 - loss 0.00004455 - samples/sec: 110.50 - lr: 0.000021
2025-03-27 12:51:57,816 epoch 12 - iter 234/1176 - loss 0.00003635 - samples/sec: 110.72 - lr: 0.000020
2025-03-27 12:52:17,105 epoch 12 - iter 351/1176 - loss 0.00004395 - samples/sec: 110.57 - lr: 0.000020
2025-03-27 12:52:36,444 epoch 12 - iter 468/1176 - loss 0.00003490 - samples/sec: 112.44 - lr: 0.000020
2025-03-27 12:52:55,518 epoch 12 - iter 585/1176 - loss 0.00005378 - samples/sec: 115.47 - lr: 0.000019
2025-03-27 12:53:15,152 epoch 12 - iter 702/1176 - loss 0.00012070 - samples/sec: 109.31 - lr: 0.000019
2025-03-27 12:53:34,953 epoch 12 - iter 819/1176 - loss 0.00018066 - samples/sec: 108.34 - lr: 0.000018
2025-03-27 12:53:54,581 epoch 12 - iter 936/1176 - loss 0.00016070 - samples/sec: 108.38 - lr: 0.000018
2025-03-27 12:54:14,584 epoch 12 - iter 1053/1176 - loss 0.00016814 - samples/sec: 108.33 - lr: 0.000018
2025-03-27 12:54:34,222 epoch 12 - iter 1170/1176 - loss 0.00016431 - samples/sec: 110.09 - lr: 0.000017
2025-03-27 12:54:35,263 ----------------------------------------------------------------------------------------------------
2025-03-27 12:54:35,263 EPOCH 12 done: loss 0.0002 - lr 0.0000173
2025-03-27 12:55:20,665 DEV : loss 0 - f1-score (micro avg)  0.9929
2025-03-27 12:55:31,518 BAD EPOCHS (no improvement): 4
2025-03-27 12:55:31,836 ----------------------------------------------------------------------------------------------------
2025-03-27 12:55:51,274 epoch 13 - iter 117/1176 - loss 0.00006026 - samples/sec: 111.34 - lr: 0.000017
2025-03-27 12:56:10,971 epoch 13 - iter 234/1176 - loss 0.00007317 - samples/sec: 110.90 - lr: 0.000017
2025-03-27 12:56:30,510 epoch 13 - iter 351/1176 - loss 0.00006600 - samples/sec: 108.43 - lr: 0.000016
2025-03-27 12:56:49,881 epoch 13 - iter 468/1176 - loss 0.00005143 - samples/sec: 110.40 - lr: 0.000016
2025-03-27 12:57:09,529 epoch 13 - iter 585/1176 - loss 0.00005559 - samples/sec: 108.16 - lr: 0.000015
2025-03-27 12:57:29,166 epoch 13 - iter 702/1176 - loss 0.00005522 - samples/sec: 110.77 - lr: 0.000015
2025-03-27 12:57:48,810 epoch 13 - iter 819/1176 - loss 0.00006700 - samples/sec: 107.33 - lr: 0.000015
2025-03-27 12:58:08,097 epoch 13 - iter 936/1176 - loss 0.00009351 - samples/sec: 111.48 - lr: 0.000014
2025-03-27 12:58:26,865 epoch 13 - iter 1053/1176 - loss 0.00009110 - samples/sec: 114.29 - lr: 0.000014
2025-03-27 12:58:46,086 epoch 13 - iter 1170/1176 - loss 0.00009104 - samples/sec: 110.17 - lr: 0.000014
2025-03-27 12:58:47,122 ----------------------------------------------------------------------------------------------------
2025-03-27 12:58:47,122 EPOCH 13 done: loss 0.0001 - lr 0.0000137
2025-03-27 12:59:32,408 DEV : loss 0 - f1-score (micro avg)  0.9943
2025-03-27 12:59:43,182 BAD EPOCHS (no improvement): 4
2025-03-27 12:59:43,530 saving best model
2025-03-27 12:59:43,847 ----------------------------------------------------------------------------------------------------
2025-03-27 13:00:03,889 epoch 14 - iter 117/1176 - loss 0.00014378 - samples/sec: 110.37 - lr: 0.000013
2025-03-27 13:00:23,273 epoch 14 - iter 234/1176 - loss 0.00009375 - samples/sec: 109.50 - lr: 0.000013
2025-03-27 13:00:42,835 epoch 14 - iter 351/1176 - loss 0.00007728 - samples/sec: 110.84 - lr: 0.000013
2025-03-27 13:01:02,090 epoch 14 - iter 468/1176 - loss 0.00006453 - samples/sec: 107.18 - lr: 0.000012
2025-03-27 13:01:21,265 epoch 14 - iter 585/1176 - loss 0.00008800 - samples/sec: 111.90 - lr: 0.000012
2025-03-27 13:01:40,780 epoch 14 - iter 702/1176 - loss 0.00011038 - samples/sec: 108.20 - lr: 0.000012
2025-03-27 13:02:00,458 epoch 14 - iter 819/1176 - loss 0.00010660 - samples/sec: 108.03 - lr: 0.000011
2025-03-27 13:02:19,373 epoch 14 - iter 936/1176 - loss 0.00009937 - samples/sec: 111.08 - lr: 0.000011
2025-03-27 13:02:38,371 epoch 14 - iter 1053/1176 - loss 0.00009773 - samples/sec: 113.62 - lr: 0.000011
2025-03-27 13:02:57,216 epoch 14 - iter 1170/1176 - loss 0.00010215 - samples/sec: 113.77 - lr: 0.000010
2025-03-27 13:02:58,221 ----------------------------------------------------------------------------------------------------
2025-03-27 13:02:58,221 EPOCH 14 done: loss 0.0001 - lr 0.0000103
2025-03-27 13:03:42,644 DEV : loss 0 - f1-score (micro avg)  0.993
2025-03-27 13:03:53,417 BAD EPOCHS (no improvement): 4
2025-03-27 13:03:53,727 ----------------------------------------------------------------------------------------------------
2025-03-27 13:04:13,038 epoch 15 - iter 117/1176 - loss 0.00004774 - samples/sec: 115.72 - lr: 0.000010
2025-03-27 13:04:33,209 epoch 15 - iter 234/1176 - loss 0.00005799 - samples/sec: 106.50 - lr: 0.000010
2025-03-27 13:04:52,833 epoch 15 - iter 351/1176 - loss 0.00010330 - samples/sec: 110.97 - lr: 0.000009
2025-03-27 13:05:12,314 epoch 15 - iter 468/1176 - loss 0.00009675 - samples/sec: 106.17 - lr: 0.000009
2025-03-27 13:05:31,390 epoch 15 - iter 585/1176 - loss 0.00009309 - samples/sec: 114.68 - lr: 0.000009
2025-03-27 13:05:49,969 epoch 15 - iter 702/1176 - loss 0.00008199 - samples/sec: 116.03 - lr: 0.000009
2025-03-27 13:06:09,636 epoch 15 - iter 819/1176 - loss 0.00007070 - samples/sec: 107.88 - lr: 0.000008
2025-03-27 13:06:29,663 epoch 15 - iter 936/1176 - loss 0.00007201 - samples/sec: 106.62 - lr: 0.000008
2025-03-27 13:06:49,412 epoch 15 - iter 1053/1176 - loss 0.00006495 - samples/sec: 111.29 - lr: 0.000008
2025-03-27 13:07:08,899 epoch 15 - iter 1170/1176 - loss 0.00006908 - samples/sec: 110.77 - lr: 0.000007
2025-03-27 13:07:09,866 ----------------------------------------------------------------------------------------------------
2025-03-27 13:07:09,866 EPOCH 15 done: loss 0.0001 - lr 0.0000074
2025-03-27 13:07:54,480 DEV : loss 0 - f1-score (micro avg)  0.993
2025-03-27 13:08:05,105 BAD EPOCHS (no improvement): 4
2025-03-27 13:08:05,454 ----------------------------------------------------------------------------------------------------
2025-03-27 13:08:25,444 epoch 16 - iter 117/1176 - loss 0.00002639 - samples/sec: 106.04 - lr: 0.000007
2025-03-27 13:08:44,549 epoch 16 - iter 234/1176 - loss 0.00006127 - samples/sec: 114.59 - lr: 0.000007
2025-03-27 13:09:04,281 epoch 16 - iter 351/1176 - loss 0.00006160 - samples/sec: 111.98 - lr: 0.000007
2025-03-27 13:09:23,783 epoch 16 - iter 468/1176 - loss 0.00005306 - samples/sec: 111.74 - lr: 0.000006
2025-03-27 13:09:43,566 epoch 16 - iter 585/1176 - loss 0.00005805 - samples/sec: 107.96 - lr: 0.000006
2025-03-27 13:10:03,221 epoch 16 - iter 702/1176 - loss 0.00005683 - samples/sec: 109.98 - lr: 0.000006
2025-03-27 13:10:22,914 epoch 16 - iter 819/1176 - loss 0.00006063 - samples/sec: 109.30 - lr: 0.000006
2025-03-27 13:10:43,027 epoch 16 - iter 936/1176 - loss 0.00005319 - samples/sec: 107.69 - lr: 0.000005
2025-03-27 13:11:02,809 epoch 16 - iter 1053/1176 - loss 0.00004735 - samples/sec: 108.12 - lr: 0.000005
2025-03-27 13:11:22,498 epoch 16 - iter 1170/1176 - loss 0.00004318 - samples/sec: 112.71 - lr: 0.000005
2025-03-27 13:11:23,397 ----------------------------------------------------------------------------------------------------
2025-03-27 13:11:23,397 EPOCH 16 done: loss 0.0000 - lr 0.0000048
2025-03-27 13:12:09,068 DEV : loss 0 - f1-score (micro avg)  0.9932
2025-03-27 13:12:19,863 BAD EPOCHS (no improvement): 4
2025-03-27 13:12:20,192 ----------------------------------------------------------------------------------------------------
2025-03-27 13:12:39,671 epoch 17 - iter 117/1176 - loss 0.00002711 - samples/sec: 109.22 - lr: 0.000005
2025-03-27 13:12:59,524 epoch 17 - iter 234/1176 - loss 0.00003949 - samples/sec: 105.90 - lr: 0.000004
2025-03-27 13:13:18,888 epoch 17 - iter 351/1176 - loss 0.00002879 - samples/sec: 113.56 - lr: 0.000004
2025-03-27 13:13:37,883 epoch 17 - iter 468/1176 - loss 0.00002166 - samples/sec: 111.40 - lr: 0.000004
2025-03-27 13:13:57,339 epoch 17 - iter 585/1176 - loss 0.00002097 - samples/sec: 113.31 - lr: 0.000004
2025-03-27 13:14:16,792 epoch 17 - iter 702/1176 - loss 0.00006551 - samples/sec: 111.30 - lr: 0.000004
2025-03-27 13:14:36,279 epoch 17 - iter 819/1176 - loss 0.00006575 - samples/sec: 110.69 - lr: 0.000003
2025-03-27 13:14:55,874 epoch 17 - iter 936/1176 - loss 0.00006085 - samples/sec: 106.48 - lr: 0.000003
2025-03-27 13:15:15,668 epoch 17 - iter 1053/1176 - loss 0.00006393 - samples/sec: 106.50 - lr: 0.000003
2025-03-27 13:15:35,232 epoch 17 - iter 1170/1176 - loss 0.00005911 - samples/sec: 108.66 - lr: 0.000003
2025-03-27 13:15:36,265 ----------------------------------------------------------------------------------------------------
2025-03-27 13:15:36,265 EPOCH 17 done: loss 0.0001 - lr 0.0000027
2025-03-27 13:16:20,766 DEV : loss 0 - f1-score (micro avg)  0.9927
2025-03-27 13:16:31,395 BAD EPOCHS (no improvement): 4
2025-03-27 13:16:31,750 ----------------------------------------------------------------------------------------------------
2025-03-27 13:16:50,855 epoch 18 - iter 117/1176 - loss 0.00001295 - samples/sec: 110.04 - lr: 0.000003
2025-03-27 13:17:09,982 epoch 18 - iter 234/1176 - loss 0.00001598 - samples/sec: 111.70 - lr: 0.000002
2025-03-27 13:17:29,518 epoch 18 - iter 351/1176 - loss 0.00001243 - samples/sec: 104.49 - lr: 0.000002
2025-03-27 13:17:49,410 epoch 18 - iter 468/1176 - loss 0.00001998 - samples/sec: 108.36 - lr: 0.000002
2025-03-27 13:18:08,621 epoch 18 - iter 585/1176 - loss 0.00001608 - samples/sec: 112.69 - lr: 0.000002
2025-03-27 13:18:28,027 epoch 18 - iter 702/1176 - loss 0.00002318 - samples/sec: 110.38 - lr: 0.000002
2025-03-27 13:18:47,326 epoch 18 - iter 819/1176 - loss 0.00002637 - samples/sec: 110.28 - lr: 0.000002
2025-03-27 13:19:06,874 epoch 18 - iter 936/1176 - loss 0.00002322 - samples/sec: 110.62 - lr: 0.000002
2025-03-27 13:19:25,736 epoch 18 - iter 1053/1176 - loss 0.00002676 - samples/sec: 116.16 - lr: 0.000001
2025-03-27 13:19:45,176 epoch 18 - iter 1170/1176 - loss 0.00002717 - samples/sec: 108.73 - lr: 0.000001
2025-03-27 13:19:46,096 ----------------------------------------------------------------------------------------------------
2025-03-27 13:19:46,097 EPOCH 18 done: loss 0.0000 - lr 0.0000012
2025-03-27 13:20:30,217 DEV : loss 0 - f1-score (micro avg)  0.9928
2025-03-27 13:20:40,783 BAD EPOCHS (no improvement): 4
2025-03-27 13:20:41,109 ----------------------------------------------------------------------------------------------------
2025-03-27 13:21:00,840 epoch 19 - iter 117/1176 - loss 0.00000029 - samples/sec: 107.94 - lr: 0.000001
2025-03-27 13:21:20,303 epoch 19 - iter 234/1176 - loss 0.00000087 - samples/sec: 111.21 - lr: 0.000001
2025-03-27 13:21:39,913 epoch 19 - iter 351/1176 - loss 0.00000174 - samples/sec: 108.24 - lr: 0.000001
2025-03-27 13:21:59,083 epoch 19 - iter 468/1176 - loss 0.00001078 - samples/sec: 112.53 - lr: 0.000001
2025-03-27 13:22:18,281 epoch 19 - iter 585/1176 - loss 0.00001198 - samples/sec: 116.29 - lr: 0.000001
2025-03-27 13:22:37,607 epoch 19 - iter 702/1176 - loss 0.00001055 - samples/sec: 107.29 - lr: 0.000001
2025-03-27 13:22:56,752 epoch 19 - iter 819/1176 - loss 0.00001633 - samples/sec: 108.60 - lr: 0.000001
2025-03-27 13:23:15,954 epoch 19 - iter 936/1176 - loss 0.00002387 - samples/sec: 110.77 - lr: 0.000000
2025-03-27 13:23:35,288 epoch 19 - iter 1053/1176 - loss 0.00002167 - samples/sec: 113.31 - lr: 0.000000
2025-03-27 13:23:55,285 epoch 19 - iter 1170/1176 - loss 0.00002195 - samples/sec: 105.28 - lr: 0.000000
2025-03-27 13:23:56,384 ----------------------------------------------------------------------------------------------------
2025-03-27 13:23:56,384 EPOCH 19 done: loss 0.0000 - lr 0.0000003
2025-03-27 13:24:40,439 DEV : loss 0 - f1-score (micro avg)  0.9928
2025-03-27 13:24:50,952 BAD EPOCHS (no improvement): 4
2025-03-27 13:24:51,303 ----------------------------------------------------------------------------------------------------
2025-03-27 13:25:11,785 epoch 20 - iter 117/1176 - loss 0.00000095 - samples/sec: 102.59 - lr: 0.000000
2025-03-27 13:25:31,126 epoch 20 - iter 234/1176 - loss 0.00002664 - samples/sec: 105.27 - lr: 0.000000
2025-03-27 13:25:50,073 epoch 20 - iter 351/1176 - loss 0.00002183 - samples/sec: 105.84 - lr: 0.000000
2025-03-27 13:26:09,893 epoch 20 - iter 468/1176 - loss 0.00002263 - samples/sec: 107.90 - lr: 0.000000
2025-03-27 13:26:29,752 epoch 20 - iter 585/1176 - loss 0.00002081 - samples/sec: 108.41 - lr: 0.000000
2025-03-27 13:26:48,805 epoch 20 - iter 702/1176 - loss 0.00002341 - samples/sec: 113.76 - lr: 0.000000
2025-03-27 13:27:08,079 epoch 20 - iter 819/1176 - loss 0.00002104 - samples/sec: 111.94 - lr: 0.000000
2025-03-27 13:27:27,448 epoch 20 - iter 936/1176 - loss 0.00001860 - samples/sec: 111.03 - lr: 0.000000
2025-03-27 13:27:46,823 epoch 20 - iter 1053/1176 - loss 0.00002020 - samples/sec: 112.42 - lr: 0.000000
2025-03-27 13:28:06,476 epoch 20 - iter 1170/1176 - loss 0.00001865 - samples/sec: 106.26 - lr: 0.000000
2025-03-27 13:28:07,574 ----------------------------------------------------------------------------------------------------
2025-03-27 13:28:07,574 EPOCH 20 done: loss 0.0000 - lr 0.0000000
2025-03-27 13:28:52,065 DEV : loss 0 - f1-score (micro avg)  0.9929
2025-03-27 13:29:02,767 BAD EPOCHS (no improvement): 4
2025-03-27 13:29:03,335 ----------------------------------------------------------------------------------------------------
2025-03-27 13:29:03,335 loading file models/capped_10_16/best-model.pt
2025-03-27 13:29:47,060 0.994	0.9959	0.9949	0.9939
2025-03-27 13:29:47,060 
Results:
- F-score (micro) 0.9949
- F-score (macro) 0.9948
- Accuracy 0.9939

By class:
              precision    recall  f1-score   support

    personal     0.9976    0.9941    0.9959      3413
non-personal     0.9896    0.9979    0.9937      2859

   micro avg     0.9940    0.9959    0.9949      6272
   macro avg     0.9936    0.9960    0.9948      6272
weighted avg     0.9940    0.9959    0.9949      6272
 samples avg     0.9949    0.9959    0.9952      6272

2025-03-27 13:29:47,060 ----------------------------------------------------------------------------------------------------
